'JSP400.ternaryForm_indefinite' depends on axioms: [propext, Classical.choice, Quot.sound]
'JSP400.ternaryForm_nondegenerate' depends on axioms: [propext, Classical.choice, Quot.sound]
'JSP400.ternaryForm_not_proportionalToRational' depends on axioms: [propext, Classical.choice, Quot.sound]
'JSP400.dual_statement_iff' depends on axioms: [propext, Classical.choice, Quot.sound]
'JSP400.approximation_large_denominator' depends on axioms: [propext, Classical.choice, Quot.sound]
'JSP400.small_values_iff_approximation' depends on axioms: [propext, Classical.choice, Quot.sound]
'JSP400.standardForm_standardizingSL' depends on axioms: [propext, Classical.choice, Quot.sound]
'JSP400.standardizingSL_conjugates' depends on axioms: [propext, Classical.choice, Quot.sound]
'JSP400.unipotentOne_add' depends on axioms: [propext, Classical.choice, Quot.sound]
'JSP400.unipotentTwo_add' depends on axioms: [propext, Classical.choice, Quot.sound]
'JSP400.unipotentOne_commute_unipotentTwo' depends on axioms: [propext, Classical.choice, Quot.sound]
'JSP400.unipotentOne_mem_standardStabilizer' depends on axioms: [propext, Classical.choice, Quot.sound]
'JSP400.unipotentTwo_mem_standardStabilizer_iff' depends on axioms: [propext, Classical.choice, Quot.sound]
'JSP400.diagonalFlow_mem_standardStabilizer' depends on axioms: [propext, Classical.choice, Quot.sound]
'JSP400.diagonalFlow_unipotentOne' depends on axioms: [propext, Classical.choice, Quot.sound]
'JSP400.diagonalFlow_unipotentTwo' depends on axioms: [propext, Classical.choice, Quot.sound]
'JSP400.ternaryForm_abs_le_norm' depends on axioms: [propext, Classical.choice, Quot.sound]
'JSP400.ternaryForm_integer_ne_zero' depends on axioms: [propext, Classical.choice, Quot.sound]
'JSP400.small_values_of_short_vectors' depends on axioms: [propext, Classical.choice, Quot.sound]
'JSP400.integerGamma_isClosed' depends on axioms: [propext, Classical.choice, Quot.sound]
'JSP400.quotientLatticePoints_smul' depends on axioms: [propext, Classical.choice, Quot.sound]
'JSP400.quotientLatticePoints_injective' depends on axioms: [propext, Classical.choice, Quot.sound]
'JSP400.exists_minimal_closed_invariant' depends on axioms: [propext, Classical.choice, Quot.sound]
'JSP400.minimal_invariant_orbit_closure' depends on axioms: [propext, Classical.choice, Quot.sound]
'JSP400.integerVector_norm_ge_one' depends on axioms: [propext, Classical.choice, Quot.sound]
'JSP400.matrix_mulVec_norm_le' depends on axioms: [propext, Classical.choice, Quot.sound]
'JSP400.compact_representatives_lower_bound' depends on axioms: [propext, Classical.choice, Quot.sound]
'JSP400.compact_lift_of_open_quotient' depends on axioms: [propext, Classical.choice, Quot.sound]
'JSP400.compact_lattice_representatives' depends on axioms: [propext, Classical.choice, Quot.sound]
'JSP400.compact_lattices_lower_bound' depends on axioms: [propext, Classical.choice, Quot.sound]
'JSP400.compact_lattice_stabilizers_discrete' depends on axioms: [propext, Classical.choice, Quot.sound]
'JSP400.small_stabilizers_escape_compacts' depends on axioms: [propext, Classical.choice, Quot.sound]
'JSP400.conjugating_stabilizer_escapes_compacts' depends on axioms: [propext, Classical.choice, Quot.sound]
'JSP400.contractingDiagonal_upper_tendsto_one' depends on axioms: [propext, Classical.choice, Quot.sound]
'JSP400.upper_stabilizer_trivial_of_compact_diagonal_orbit' depends on axioms: [propext, Classical.choice, Quot.sound]
'JSP400.upper_subgroup_stabilizer_inf_eq_bot' depends on axioms: [propext, Classical.choice, Quot.sound]
'JSP400.upper_subgroup_not_isCompact' depends on axioms: [propext, Classical.choice, Quot.sound]
'JSP400.upper_stabilizer_quotient_not_compact' depends on axioms: [propext, Classical.choice, Quot.sound]
'JSP400.shearLevelSet_component_not_isCompact' depends on axioms: [propext, Classical.choice, Quot.sound]
'JSP400.shearConjugate_has_continuous_leftInverse' depends on axioms: [propext, Classical.choice, Quot.sound]
'JSP400.shearConjugate_isClosedEmbedding' depends on axioms: [propext, Classical.choice, Quot.sound]
'JSP400.shearOrbitSlice_component_not_isCompact' depends on axioms: [propext, Classical.choice, Quot.sound]
'JSP400.nilpotent_upperTriangular_diag_eq_zero' depends on axioms: [propext, Classical.choice, Quot.sound]
'JSP400.margulis_lemma6_C' depends on axioms: [propext, Classical.choice, Quot.sound]
'JSP400.matrix3_isNilpotent_iff_cube' depends on axioms: [propext, Classical.choice, Quot.sound]
'JSP400.isClosed_nilpotentMatrices' depends on axioms: [propext, Classical.choice, Quot.sound]
'JSP400.shear_fixed_iff_mem_lieAlgebra' depends on axioms: [propext, Classical.choice, Quot.sound]
'JSP400.shear_lieAlgebra_slice_eq_line' depends on axioms: [propext, Classical.choice, Quot.sound]
'JSP400.shearConjugate_isNilpotent' depends on axioms: [propext, Classical.choice, Quot.sound]
'JSP400.matrix_smul_isNilpotent' depends on axioms: [propext, Classical.choice, Quot.sound]
'JSP400.closure_shear_orbits_nilpotent' depends on axioms: [propext, Classical.choice, Quot.sound]
'JSP400.preconnected_compact_limit' depends on axioms: [propext, Classical.choice, Quot.sound]
'JSP400.compact_limit_meets_closed' depends on axioms: [propext, Classical.choice, Quot.sound]
'JSP400.compact_limit_contains_point' depends on axioms: [propext, Classical.choice, Quot.sound]
'JSP400.exists_connected_compact_limit' depends on axioms: [propext, Classical.choice, Quot.sound]
'JSP400.compact_subsequence_limit_subset_upperSetLimit' depends on axioms: [propext, Classical.choice, Quot.sound]
'JSP400.exists_unbounded_shear_parameter_curve' depends on axioms: [propext, Classical.choice, Quot.sound]
'JSP400.exists_unbounded_shear_curve' depends on axioms: [propext, Classical.choice, Quot.sound]
'JSP400.noncompact_real_connected_contains_ray' depends on axioms: [propext, Classical.choice, Quot.sound]
'JSP400.shear_fixed_line_contains_ray' depends on axioms: [propext, Classical.choice, Quot.sound]
'JSP400.continuousAt_shearNormalize' depends on axioms: [propext, Classical.choice, Quot.sound]
'JSP400.mem_closure_normalizedShearSet' depends on axioms: [propext, Classical.choice, Quot.sound]
'JSP400.normalizedShearSet_properties' depends on axioms: [propext, Classical.choice, Quot.sound]
'JSP400.shearConjugate_recover_from_normalization' depends on axioms: [propext, Classical.choice, Quot.sound]
'JSP400.isClosed_upperSetLimit' depends on axioms: [propext, Classical.choice, Quot.sound]
'JSP400.upperSetLimit_subset_of_eventually_subset_closed' depends on axioms: [propext, Classical.choice, Quot.sound]
'JSP400.upperSetLimit_subset_continuous_fiber' depends on axioms: [propext, Classical.choice, Quot.sound]
'JSP400.upperSetLimit_contains_limit_point' depends on axioms: [propext, Classical.choice, Quot.sound]
'JSP400.unbounded_curve_compact_segment' depends on axioms: [propext, Classical.choice, Quot.sound]
'JSP400.upper_limit_connected_witness' depends on axioms: [propext, Classical.choice, Quot.sound]
'JSP400.upper_limit_component_not_compact' depends on axioms: [propext, Classical.choice, Quot.sound]
'JSP400.compact_connected_boundary_bumping' depends on axioms: [propext, Classical.choice, Quot.sound]
'JSP400.compact_connected_set_boundary_bumping' depends on axioms: [propext, Classical.choice, Quot.sound]
'JSP400.upper_limit_fixed_component_boundary' depends on axioms: [propext, Classical.choice, Quot.sound]
'JSP400.shearFlag_zero' depends on axioms: [propext, Classical.choice, Quot.sound]
'JSP400.mem_shearFlag_two' depends on axioms: [propext, Classical.choice, Quot.sound]
'JSP400.mem_shearFlag_eight' depends on axioms: [propext, Classical.choice, Quot.sound]
'JSP400.shearConjugate_sub_mem_previousFlag' depends on axioms: [propext, Classical.choice, Quot.sound]
'JSP400.isClosed_shearFlag' depends on axioms: [propext, Classical.choice, Quot.sound]
'JSP400.shearFlag_step_coordinate_invariant' depends on axioms: [propext, Classical.choice, Quot.sound]
'JSP400.shearConjugate_comp' depends on axioms: [propext, Classical.choice, Quot.sound]
'JSP400.closure_shearOrbitUnion_invariant' depends on axioms: [propext, Classical.choice, Quot.sound]
'JSP400.closure_shearOrbitUnion_nilpotent' depends on axioms: [propext, Classical.choice, Quot.sound]
'JSP400.upper_limit_shear_slices_previousFlag' depends on axioms: [propext, Classical.choice, Quot.sound]
'JSP400.shear_fixed_component_noncompact_of_layer' depends on axioms: [propext, Classical.choice, Quot.sound]
'JSP400.margulis_lemma6_B2' depends on axioms: [propext, Classical.choice, Quot.sound]
'JSP400.missing_point_local_normalization' depends on axioms: [propext, Classical.choice, Quot.sound]
'JSP400.margulis_lemma6_B1' depends on axioms: [propext, Classical.choice, Quot.sound]
'JSP400.adjointAction_base_eq_iff_mem_shearGroup' depends on axioms: [propext, Classical.choice, Quot.sound]
'JSP400.mem_normalizer_of_adjoint_base_mem_lie' depends on axioms: [propext, Classical.choice, Quot.sound]
'JSP400.margulis_lemma6_A2' depends on axioms: [propext, Classical.choice, Quot.sound]
'JSP400.nilpotentFrame_intertwines' depends on axioms: [propext, Classical.choice, Quot.sound]
'JSP400.continuous_nilpotentSection' depends on axioms: [propext, Classical.choice, Quot.sound]
'JSP400.nilpotentSection_conjugates' depends on axioms: [propext, Classical.choice, Quot.sound]
'JSP400.nilpotentSection_fixedLine' depends on axioms: [propext, Classical.choice, Quot.sound]
'JSP400.fixedLine_closure_lifts_to_shearDoubleOrbit' depends on axioms: [propext, Classical.choice, Quot.sound]
'JSP400.closure_shearDoubleOrbit_mul_right' depends on axioms: [propext, Classical.choice, Quot.sound]
'JSP400.upperUnipotent_mem_closure_of_fixedLine' depends on axioms: [propext, Classical.choice, Quot.sound]
'JSP400.generated_upper_inter_eq_of_half' depends on axioms: [propext, Classical.choice, Quot.sound]
'JSP400.margulis_lemma6_A' depends on axioms: [propext, Classical.choice, Quot.sound]
'JSP400.margulis_lemma6' depends on axioms: [propext, Classical.choice, Quot.sound]
'JSP400.lattice_has_nonzero_last_coordinate' depends on axioms: [propext, Classical.choice, Quot.sound]
'JSP400.upper_eliminate_first_coordinates' depends on axioms: [propext, Classical.choice, Quot.sound]
'JSP400.diagonal_after_elimination_makes_vector_short' depends on axioms: [propext, Classical.choice, Quot.sound]
'JSP400.diagonal_upper_makes_vector_short' depends on axioms: [propext, Classical.choice, Quot.sound]
'JSP400.diagonalUpperOrbit_not_relatively_compact' depends on axioms: [propext, Classical.choice, Quot.sound]
'JSP400.shear_eliminate_first_coordinates' depends on axioms: [propext, Classical.choice, Quot.sound]
'JSP400.margulis_lemma10' depends on axioms: [propext, Classical.choice, Quot.sound]
'JSP400.margulis_lemma11' depends on axioms: [propext, Classical.choice, Quot.sound]
'JSP400.positiveShearOrbit_not_relatively_compact' depends on axioms: [propext, Classical.choice, Quot.sound]
'JSP400.negativeShearOrbit_not_relatively_compact' depends on axioms: [propext, Classical.choice, Quot.sound]
'JSP400.isClosed_hittingSet' depends on axioms: [propext, Classical.choice, Quot.sound]
'JSP400.normalizer_minimal_hit_subset' depends on axioms: [propext, Classical.choice, Quot.sound]
'JSP400.margulis_lemma1' depends on axioms: [propext, Classical.choice, Quot.sound]
'JSP400.margulis_lemma2' depends on axioms: [propext, Classical.choice, Quot.sound]
'JSP400.margulis_lemma3' depends on axioms: [propext, Classical.choice, Quot.sound]
'JSP400.gramShear_coordinates' depends on axioms: [propext, Classical.choice, Quot.sound]
'JSP400.gramShear_sub_mem_previousFlag' depends on axioms: [propext, Classical.choice, Quot.sound]
'JSP400.mem_gramFlag_two' depends on axioms: [propext, Classical.choice, Quot.sound]
'JSP400.gramFixed_of_det_one' depends on axioms: [propext, Classical.choice, Quot.sound]
'JSP400.isClosed_gramFlag' depends on axioms: [propext, Classical.choice, Quot.sound]
'JSP400.gramShear_has_linear_coordinate' depends on axioms: [propext, Classical.choice, Quot.sound]
'JSP400.exists_unbounded_gram_curve' depends on axioms: [propext, Classical.choice, Quot.sound]
'JSP400.gram_fixed_component_noncompact_of_layer' depends on axioms: [propext, Classical.choice, Quot.sound]
'JSP400.gram_orbit_closure_contains_ray' depends on axioms: [propext, Classical.choice, Quot.sound]
'JSP400.gramMatrix_eq_standard_iff' depends on axioms: [propext, Classical.choice, Quot.sound]
'JSP400.gramMatrix_eq_iff_mul_inv_mem' depends on axioms: [propext, Classical.choice, Quot.sound]
'JSP400.lemma7_fixed_case' depends on axioms: [propext, Classical.choice, Quot.sound]
'JSP400.GramSection.triangularFactor_congruence' depends on axioms: [propext, Classical.choice, Quot.sound]
'JSP400.GramSection.triangularFactor_det_pos' depends on axioms: [propext, Classical.choice, Quot.sound]
'JSP400.GramSection.continuousAt_triangularFactor' depends on axioms: [propext, Classical.choice, Quot.sound]
'JSP400.GramSection.isOpen_sectionDomain' depends on axioms: [propext, Classical.choice, Quot.sound]
'JSP400.GramSection.continuous_gramSection' depends on axioms: [propext, Classical.choice, Quot.sound]
'JSP400.GramSection.gramSection_standardGram' depends on axioms: [propext, Classical.choice, Quot.sound]
'JSP400.GramSection.gramMatrix_gramSection' depends on axioms: [propext, Classical.choice, Quot.sound]
'JSP400.mem_closure_of_gramMatrix_mem_closure' depends on axioms: [propext, Classical.choice, Quot.sound]
'JSP400.margulis_lemma7' depends on axioms: [propext, Classical.choice, Quot.sound]
'JSP400.unipotentOne_inv' depends on axioms: [propext, Classical.choice, Quot.sound]
'JSP400.unipotentOne_eq_shearElement' depends on axioms: [propext, Classical.choice, Quot.sound]
'JSP400.principalUnipotent_eq_inf' depends on axioms: [propext, Classical.choice, Quot.sound]
'JSP400.coadjointForm_standard' depends on axioms: [propext, Classical.choice, Quot.sound]
'JSP400.principalOrbitMap_eq' depends on axioms: [propext, Classical.choice, Quot.sound]
'JSP400.coadjointForm_mul' depends on axioms: [propext, Classical.choice, Quot.sound]
'JSP400.principalAction_mul' depends on axioms: [propext, Classical.choice, Quot.sound]
'JSP400.continuous_principalAction' depends on axioms: [propext, Classical.choice, Quot.sound]
'JSP400.continuous_principalOrbitMap' depends on axioms: [propext, Classical.choice, Quot.sound]
'JSP400.principalOrbitMap_eq_base_iff' depends on axioms: [propext, Classical.choice, Quot.sound]
'JSP400.principalAction_injective' depends on axioms: [propext, Classical.choice, Quot.sound]
'JSP400.principalOrbitMap_eq_iff_inv_mul_mem' depends on axioms: [propext, Classical.choice, Quot.sound]
'JSP400.principalBase_skew' depends on axioms: [propext, Classical.choice, Quot.sound]
'JSP400.adjoint_coadjoint_skew' depends on axioms: [propext, Classical.choice, Quot.sound]
'JSP400.principalOrbitMap_skew' depends on axioms: [propext, Classical.choice, Quot.sound]
'JSP400.unipotentOne_matrix_polynomial' depends on axioms: [propext, Classical.choice, Quot.sound]
'JSP400.adjointAction_add' depends on axioms: [propext, Classical.choice, Quot.sound]
'JSP400.adjointAction_smul' depends on axioms: [propext, Classical.choice, Quot.sound]
'JSP400.adjointAction_matrix_one' depends on axioms: [propext, Classical.choice, Quot.sound]
'JSP400.conjugate_unipotentOne_of_adjoint_base' depends on axioms: [propext, Classical.choice, Quot.sound]
'JSP400.mem_principalNormalizer_of_adjoint_base' depends on axioms: [propext, Classical.choice, Quot.sound]
'JSP400.principal_adjoint_fixed_iff' depends on axioms: [propext, Classical.choice, Quot.sound]
'JSP400.gramShear_fixed_iff' depends on axioms: [propext, Classical.choice, Quot.sound]
'JSP400.coadjointForm_unipotentOne' depends on axioms: [propext, Classical.choice, Quot.sound]
'JSP400.mem_principalNormalizer_of_fixed_orbit' depends on axioms: [propext, Classical.choice, Quot.sound]
'JSP400.principalCoordinates_add' depends on axioms: [propext, Classical.choice, Quot.sound]
'JSP400.principalCoordinates_sub' depends on axioms: [propext, Classical.choice, Quot.sound]
'JSP400.principalCoordinates_smul' depends on axioms: [propext, Classical.choice, Quot.sound]
'JSP400.mem_principalFlag' depends on axioms: [propext, Classical.choice, Quot.sound]
'JSP400.principalFlag_mono' depends on axioms: [propext, Classical.choice, Quot.sound]
'JSP400.mem_principalFlag_fourteen' depends on axioms: [propext, Classical.choice, Quot.sound]
'JSP400.principalAction_unipotentOne' depends on axioms: [propext, Classical.choice, Quot.sound]
'JSP400.principalCoordinates_from_blocks' depends on axioms: [propext, Classical.choice, Quot.sound]
'JSP400.principalAction_sub_mem_previousFlag' depends on axioms: [propext, Classical.choice, Quot.sound]
'JSP400.principalFlag_four_fixed' depends on axioms: [propext, Classical.choice, Quot.sound]
'JSP400.principalFlag_invariant' depends on axioms: [propext, Classical.choice, Quot.sound]
'JSP400.principalFlag_step_coordinate' depends on axioms: [propext, Classical.choice, Quot.sound]
'JSP400.principalFlag_step_coordinate_invariant' depends on axioms: [propext, Classical.choice, Quot.sound]
'JSP400.continuous_principalCoordinate' depends on axioms: [propext, Classical.choice, Quot.sound]
'JSP400.isClosed_principalFlag' depends on axioms: [propext, Classical.choice, Quot.sound]
'JSP400.principal_adjoint_has_linear_coordinate' depends on axioms: [propext, Classical.choice, Quot.sound]
'JSP400.shearCoordinate_abs_le' depends on axioms: [propext, Classical.choice, Quot.sound]
'JSP400.exists_unbounded_principal_curve' depends on axioms: [propext, Classical.choice, Quot.sound]
'JSP400.principalLayer_inter_fixed' depends on axioms: [propext, Classical.choice, Quot.sound]
'JSP400.principalOrbit_mem_flag' depends on axioms: [propext, Classical.choice, Quot.sound]
'JSP400.upper_limit_principal_orbits_previousFlag' depends on axioms: [propext, Classical.choice, Quot.sound]
'JSP400.principal_fixed_component_noncompact_of_layer' depends on axioms: [propext, Classical.choice, Quot.sound]
'JSP400.isOpen_principalSectionDomain' depends on axioms: [propext, Classical.choice, Quot.sound]
'JSP400.principalBase_mem_sectionDomain' depends on axioms: [propext, Classical.choice, Quot.sound]
'JSP400.continuous_principalFrame' depends on axioms: [propext, Classical.choice, Quot.sound]
'JSP400.continuous_principalCorrection' depends on axioms: [propext, Classical.choice, Quot.sound]
'JSP400.continuous_principalSection' depends on axioms: [propext, Classical.choice, Quot.sound]
'JSP400.principalFrame_base' depends on axioms: [propext, Classical.choice, Quot.sound]
'JSP400.principalSection_base' depends on axioms: [propext, Classical.choice, Quot.sound]
'JSP400.principalSection_right_coset' depends on axioms: [propext, Classical.choice, Quot.sound]
'JSP400.principalOrbitMap_principalSection' depends on axioms: [propext, Classical.choice, Quot.sound]
'JSP400.principalOrbitMap_principalSection_of_closure' depends on axioms: [propext, Classical.choice, Quot.sound]
'JSP400.adjointAction_sub' depends on axioms: [propext, Classical.choice, Quot.sound]
'JSP400.unipotentOne_log_polynomial' depends on axioms: [propext, Classical.choice, Quot.sound]
'JSP400.principalNormalizer_adjoint_base' depends on axioms: [propext, Classical.choice, Quot.sound]
'JSP400.factor_of_adjoint_base_scaled' depends on axioms: [propext, Classical.choice, Quot.sound]
'JSP400.principalNormalizer_factor' depends on axioms: [propext, Classical.choice, Quot.sound]
'JSP400.subset_principalOrbitUnion' depends on axioms: [propext, Classical.choice, Quot.sound]
'JSP400.closure_principalOrbitUnion_invariant' depends on axioms: [propext, Classical.choice, Quot.sound]
'JSP400.principalOrbitUnion_subset_range' depends on axioms: [propext, Classical.choice, Quot.sound]
'JSP400.principalSection_mem_doubleOrbit' depends on axioms: [propext, Classical.choice, Quot.sound]
'JSP400.principalSection_mem_closure_doubleOrbit' depends on axioms: [propext, Classical.choice, Quot.sound]
'JSP400.mem_closure_diff_singleton_of_preconnected_noncompact' depends on axioms: [propext,
 Classical.choice,
 Quot.sound]
'JSP400.principal_normalizer_enlargement_of_outside_normalizer' depends on axioms: [propext,
 Classical.choice,
 Quot.sound]
'JSP400.principalDoubleOrbit_mono' depends on axioms: [propext, Classical.choice, Quot.sound]
'JSP400.principalNormalizerReturn_mono' depends on axioms: [propext, Classical.choice, Quot.sound]
'JSP400.subset_principalDoubleOrbit' depends on axioms: [propext, Classical.choice, Quot.sound]
'JSP400.principalNormalizerReturn_subset_enlargementGroup' depends on axioms: [propext, Classical.choice, Quot.sound]
'JSP400.principalUnipotent_le_enlargementGroup' depends on axioms: [propext, Classical.choice, Quot.sound]
'JSP400.margulis_lemma5_II_alternative' depends on axioms: [propext, Classical.choice, Quot.sound]
'JSP400.compact_stabilizer_quotient_of_local_cover' depends on axioms: [propext, Classical.choice, Quot.sound]
'JSP400.margulis_lemma4_of_open_orbit' depends on axioms: [propext, Classical.choice, Quot.sound]
'JSP400.isOpenMap_latticeOrbit' depends on axioms: [propext, Classical.choice, Quot.sound]
'JSP400.exists_compact_minimal_subgroup' depends on axioms: [propext, Classical.choice, Quot.sound]
'JSP400.subgroupInvariant_orbit_closure' depends on axioms: [propext, Classical.choice, Quot.sound]
'JSP400.exists_minimal_subsystem_of_compact_orbit_closure' depends on axioms: [propext, Classical.choice, Quot.sound]
'JSP400.isCompact_orbit_of_compact_stabilizer_quotient' depends on axioms: [propext, Classical.choice, Quot.sound]
'JSP400.mem_orbit_of_no_transverse_returns' depends on axioms: [propext, Classical.choice, Quot.sound]
'JSP400.principalUnipotent_le_standardStabilizer' depends on axioms: [propext, Classical.choice, Quot.sound]
'JSP400.unipotentTwo_conjugates_one' depends on axioms: [propext, Classical.choice, Quot.sound]
'JSP400.unipotentTwo_mem_principalNormalizer' depends on axioms: [propext, Classical.choice, Quot.sound]
'JSP400.diagonalFlow_conjugates_one' depends on axioms: [propext, Classical.choice, Quot.sound]
'JSP400.diagonalFlow_mem_principalNormalizer' depends on axioms: [propext, Classical.choice, Quot.sound]
'JSP400.compactSpace_of_compact_subgroup_quotient' depends on axioms: [propext, Classical.choice, Quot.sound]
'JSP400.compact_quotient_of_surjective_hom' depends on axioms: [propext, Classical.choice, Quot.sound]
'JSP400.compact_stabilizer_quotient_smul' depends on axioms: [propext, Classical.choice, Quot.sound]
'JSP400.lemma7Hull_subset_hitting' depends on axioms: [propext, Classical.choice, Quot.sound]
'JSP400.no_transverse_returns_of_diagonal_minimal' depends on axioms: [propext, Classical.choice, Quot.sound]
'JSP400.standardStabilizer_isClosed' depends on axioms: [propext, Classical.choice, Quot.sound]
'JSP400.compact_H_orbit_of_diagonal_minimal' depends on axioms: [propext, Classical.choice, Quot.sound]
'JSP400.compact_H_stabilizer_quotient_of_diagonal_minimal' depends on axioms: [propext, Classical.choice, Quot.sound]
'JSP400.AffineClassification.ext' depends on axioms: [propext, Classical.choice, Quot.sound]
'JSP400.AffineClassification.continuous_slope' depends on axioms: [propext, Classical.choice, Quot.sound]
'JSP400.AffineClassification.continuous_offset' depends on axioms: [propext, Classical.choice, Quot.sound]
'JSP400.AffineClassification.translation_zero' depends on axioms: [propext, Classical.choice, Quot.sound]
'JSP400.AffineClassification.translation_add' depends on axioms: [propext, Classical.choice, Quot.sound]
'JSP400.AffineClassification.translation_neg' depends on axioms: [propext, Classical.choice, Quot.sound]
'JSP400.AffineClassification.continuous_translation' depends on axioms: [propext, Classical.choice, Quot.sound]
'JSP400.AffineClassification.isClosed_translations' depends on axioms: [propext, Classical.choice, Quot.sound]
'JSP400.AffineClassification.conjugate_translation' depends on axioms: [propext, Classical.choice, Quot.sound]
'JSP400.AffineClassification.commutator_translation' depends on axioms: [propext, Classical.choice, Quot.sound]
'JSP400.AffineClassification.closed_addSubgroup_eq_top_of_zero_accumulation' depends on axioms: [propext,
 Classical.choice,
 Quot.sound]
'JSP400.AffineClassification.closed_addSubgroup_eq_top_of_contraction' depends on axioms: [propext,
 Classical.choice,
 Quot.sound]
'JSP400.AffineClassification.all_translations_of_nontrivial_translation_and_slope' depends on axioms: [propext,
 Classical.choice,
 Quot.sound]
'JSP400.AffineClassification.eq_translation_of_slope_one' depends on axioms: [propext, Classical.choice, Quot.sound]
'JSP400.AffineClassification.eq_one_of_slope_offset' depends on axioms: [propext, Classical.choice, Quot.sound]
'JSP400.AffineClassification.all_translations_of_only_translations' depends on axioms: [propext,
 Classical.choice,
 Quot.sound]
'JSP400.AffineClassification.fixedDilationExp_zero' depends on axioms: [propext, Classical.choice, Quot.sound]
'JSP400.AffineClassification.fixedDilationExp_add' depends on axioms: [propext, Classical.choice, Quot.sound]
'JSP400.AffineClassification.fixedDilationExp_neg' depends on axioms: [propext, Classical.choice, Quot.sound]
'JSP400.AffineClassification.continuous_fixedDilationExp' depends on axioms: [propext, Classical.choice, Quot.sound]
'JSP400.AffineClassification.isClosed_fixedDilationTimes' depends on axioms: [propext, Classical.choice, Quot.sound]
'JSP400.AffineClassification.all_fixedDilations_of_common_fixed_point' depends on axioms: [propext,
 Classical.choice,
 Quot.sound]
'JSP400.AffineClassification.nondiscrete_closed_affine_subgroup' depends on axioms: [propext,
 Classical.choice,
 Quot.sound]
'JSP400.diagonalFlow_mul' depends on axioms: [propext, Classical.choice, Quot.sound]
'JSP400.affineMatrix_one' depends on axioms: [propext, Classical.choice, Quot.sound]
'JSP400.affineMatrix_mul' depends on axioms: [propext, Classical.choice, Quot.sound]
'JSP400.continuous_affineMatrix' depends on axioms: [propext, Classical.choice, Quot.sound]
'JSP400.affineMatrix_translation' depends on axioms: [propext, Classical.choice, Quot.sound]
'JSP400.affineMatrix_fixedDilation' depends on axioms: [propext, Classical.choice, Quot.sound]
'JSP400.affineMatrix_coordinates' depends on axioms: [propext, Classical.choice, Quot.sound]
'JSP400.continuous_SLentry' depends on axioms: [propext, Classical.choice, Quot.sound]
'JSP400.isOpen_positiveMatrixDomain' depends on axioms: [propext, Classical.choice, Quot.sound]
'JSP400.one_mem_positiveMatrixDomain' depends on axioms: [propext, Classical.choice, Quot.sound]
'JSP400.continuous_positiveMatrixAffine' depends on axioms: [propext, Classical.choice, Quot.sound]
'JSP400.positiveMatrixAffine_one' depends on axioms: [propext, Classical.choice, Quot.sound]
'JSP400.positiveNormalizer_factor' depends on axioms: [propext, Classical.choice, Quot.sound]
'JSP400.affine_comap_nondiscrete' depends on axioms: [propext, Classical.choice, Quot.sound]
'JSP400.closed_matrix_subgroup_affine_alternative' depends on axioms: [propext, Classical.choice, Quot.sound]
'JSP400.diagonal_translation_commutator' depends on axioms: [propext, Classical.choice, Quot.sound]
'JSP400.compact_standard_invariant_no_signed_ray' depends on axioms: [propext, Classical.choice, Quot.sound]
'JSP400.diagonal_invariant_of_subgroup_alternative' depends on axioms: [propext, Classical.choice, Quot.sound]
'JSP400.preservingSubgroup_isClosed' depends on axioms: [propext, Classical.choice, Quot.sound]
'JSP400.mem_preservingSubgroup_of_image_eq' depends on axioms: [propext, Quot.sound]
'JSP400.principalDoubleOrbit_eq_mixedDoubleSet' depends on axioms: [propext, Classical.choice, Quot.sound]
'JSP400.principalEnlargementGroup_invariant' depends on axioms: [propext, Classical.choice, Quot.sound]
'JSP400.principalUnipotent_isClosed' depends on axioms: [propext, Classical.choice, Quot.sound]
'JSP400.principalUnipotent_ne_bot' depends on axioms: [propext, Classical.choice, Quot.sound]
'JSP400.principalUnipotent_upper' depends on axioms: [propext, Classical.choice, Quot.sound]
'JSP400.compact_principal_minimal_diagonal_invariant' depends on axioms: [propext, Classical.choice, Quot.sound]
'JSP400.margulis_theorem2_quotient' depends on axioms: [propext, Classical.choice, Quot.sound]
'JSP400.integer_coefficients_of_irrational_relation' depends on axioms: [propext, Classical.choice, Quot.sound]
'JSP400.integral_column_separation' depends on axioms: [propext, Classical.choice, Quot.sound]
'JSP400.integral_stabilizer_entry_bound' depends on axioms: [propext, Classical.choice, Quot.sound]
'JSP400.irrational_integer_stabilizer_matrix_norm_le' depends on axioms: [propext, Classical.choice, Quot.sound]
'JSP400.continuous_ternaryForm' depends on axioms: [propext, Classical.choice, Quot.sound]
'JSP400.ternaryStabilizer_isClosed' depends on axioms: [propext, Classical.choice, Quot.sound]
'JSP400.irrational_integer_stabilizer_isCompact' depends on axioms: [propext, Classical.choice, Quot.sound]
'JSP400.standardStabilizer_not_isCompact' depends on axioms: [propext, Classical.choice, Quot.sound]
'JSP400.ternaryStabilizer_not_isCompact' depends on axioms: [propext, Classical.choice, Quot.sound]
'JSP400.irrational_ternary_stabilizer_quotient_not_compact' depends on axioms: [propext, Classical.choice, Quot.sound]
'JSP400.continuous_standardToTernaryHom' depends on axioms: [propext, Classical.choice, Quot.sound]
'JSP400.standardToTernaryHom_surjective' depends on axioms: [propext, Classical.choice, Quot.sound]
'JSP400.standardToTernaryHom_stabilizer' depends on axioms: [propext, Classical.choice, Quot.sound]
'JSP400.standardized_stabilizer_quotient_not_compact' depends on axioms: [propext, Classical.choice, Quot.sound]
'JSP400.standardized_orbit_not_relatively_compact' depends on axioms: [propext, Classical.choice, Quot.sound]
'JSP400.irrational_ternary_orbit_not_relatively_compact' depends on axioms: [propext, Classical.choice, Quot.sound]
'JSP400.reduced_gram_lengths_sq_bound' depends on axioms: [propext, Classical.choice, Quot.sound]
'JSP400.reduced_gram_lengths_bound' depends on axioms: [propext, Classical.choice, Quot.sound]
'JSP400.reduced_qr_columns_bound' depends on axioms: [propext, Classical.choice, Quot.sound]
'JSP400.integerVector_eq_zero_iff' depends on axioms: [propext, Classical.choice, Quot.sound]
'JSP400.smul_integerVector_ne_zero' depends on axioms: [propext, Classical.choice, Quot.sound]
'JSP400.compact_closure_latticesWithLowerBound' depends on axioms: [propext, Classical.choice, Quot.sound]
'JSP400.short_vector_of_noncompact_family' depends on axioms: [propext, Classical.choice, Quot.sound]
'JSP400.short_vectors_of_bounded_representatives' depends on axioms: [propext, Classical.choice, Quot.sound]
'JSP400.Mahler.energy_nonneg' depends on axioms: [propext, Classical.choice, Quot.sound]
'JSP400.Mahler.energy_pos' depends on axioms: [propext, Classical.choice, Quot.sound]
'JSP400.Mahler.coordinate_sq_le_energy' depends on axioms: [propext, Classical.choice, Quot.sound]
'JSP400.Mahler.norm_le_sqrt_energy' depends on axioms: [propext, Classical.choice, Quot.sound]
'JSP400.Mahler.integerVector_norm' depends on axioms: [propext, Classical.choice, Quot.sound]
'JSP400.Mahler.finite_integer_energy_sublevel' depends on axioms: [propext, Classical.choice, Quot.sound]
'JSP400.Mahler.integer_energy_lower_bound' depends on axioms: [propext, Classical.choice, Quot.sound]
'JSP400.Mahler.firstColumn_mul' depends on axioms: [propext, Classical.choice, Quot.sound]
'JSP400.Mahler.lastInverseRow_mul' depends on axioms: [propext, Classical.choice, Quot.sound]
'JSP400.Mahler.integerFlag_nonzero' depends on axioms: [propext, Classical.choice, Quot.sound]
'JSP400.Mahler.potential_mul_eq_flag' depends on axioms: [propext, Classical.choice, Quot.sound]
'JSP400.Mahler.exists_minimum_potential' depends on axioms: [propext, Classical.choice, Quot.sound]
'JSP400.Mahler.exists_reduced_potential' depends on axioms: [propext, Classical.choice, Quot.sound]
'JSP400.Mahler.columnShear_inv' depends on axioms: [propext, Classical.choice, Quot.sound]
'JSP400.Mahler.firstColumn_columnShear' depends on axioms: [propext, Classical.choice, Quot.sound]
'JSP400.Mahler.lastInverseRow_columnShear' depends on axioms: [propext, Classical.choice, Quot.sound]
'JSP400.Mahler.potential_columnShear' depends on axioms: [propext, Classical.choice, Quot.sound]
'JSP400.Mahler.IsPotentialMinimum.shear_minimum' depends on axioms: [propext, Classical.choice, Quot.sound]
'JSP400.Mahler.swapFirst_inv' depends on axioms: [propext, Classical.choice, Quot.sound]
'JSP400.Mahler.swapLast_inv' depends on axioms: [propext, Classical.choice, Quot.sound]
'JSP400.Mahler.potential_swapFirst' depends on axioms: [propext, Classical.choice, Quot.sound]
'JSP400.Mahler.energy_neg' depends on axioms: [propext, Classical.choice, Quot.sound]
'JSP400.Mahler.potential_swapLast' depends on axioms: [propext, Classical.choice, Quot.sound]
'JSP400.Mahler.column_ne_zero' depends on axioms: [propext, Classical.choice, Quot.sound]
'JSP400.Mahler.inverseRow_ne_zero' depends on axioms: [propext, Classical.choice, Quot.sound]
'JSP400.Mahler.IsPotentialMinimum.first_length' depends on axioms: [propext, Classical.choice, Quot.sound]
'JSP400.Mahler.IsPotentialMinimum.second_area' depends on axioms: [propext, Classical.choice, Quot.sound]
'JSP400.Mahler.inner3_self' depends on axioms: [propext, Classical.choice, Quot.sound]
'JSP400.Mahler.inner3_comm' depends on axioms: [propext, Classical.choice, Quot.sound]
'JSP400.Mahler.inner3_sub_right' depends on axioms: [propext, Classical.choice, Quot.sound]
'JSP400.Mahler.inner3_smul_right' depends on axioms: [propext, Classical.choice, Quot.sound]
'JSP400.Mahler.energy_add' depends on axioms: [propext, Classical.choice, Quot.sound]
'JSP400.Mahler.energy_smul' depends on axioms: [propext, Classical.choice, Quot.sound]
'JSP400.Mahler.energy_zero' depends on axioms: [propext, Classical.choice, Quot.sound]
'JSP400.Mahler.volume3_qr' depends on axioms: [propext, Classical.choice, Quot.sound]
'JSP400.Mahler.volume3_second_reduce' depends on axioms: [propext, Classical.choice, Quot.sound]
'JSP400.Mahler.volume3_columns' depends on axioms: [propext, Classical.choice, Quot.sound]
'JSP400.Mahler.volume3_gram' depends on axioms: [propext, Classical.choice, Quot.sound]
'JSP400.Mahler.gramOne_energy_pos' depends on axioms: [propext, Classical.choice, Quot.sound]
'JSP400.Mahler.gram_volume' depends on axioms: [propext, Classical.choice, Quot.sound]
'JSP400.Mahler.gramTwo_energy_pos' depends on axioms: [propext, Classical.choice, Quot.sound]
'JSP400.Mahler.gramThree_energy_pos' depends on axioms: [propext, Classical.choice, Quot.sound]
'JSP400.Mahler.gram_one_two_orthogonal' depends on axioms: [propext, Classical.choice, Quot.sound]
'JSP400.Mahler.gram_one_three_orthogonal' depends on axioms: [propext, Classical.choice, Quot.sound]
'JSP400.Mahler.gram_two_three_orthogonal' depends on axioms: [propext, Classical.choice, Quot.sound]
'JSP400.Mahler.gram_energy_product' depends on axioms: [propext, Classical.choice, Quot.sound]
'JSP400.Mahler.column_one_qr' depends on axioms: [propext, Classical.choice, Quot.sound]
'JSP400.Mahler.column_two_qr' depends on axioms: [propext, Classical.choice, Quot.sound]
'JSP400.Mahler.energy_column_one' depends on axioms: [propext, Classical.choice, Quot.sound]
'JSP400.Mahler.inner3_add_right' depends on axioms: [propext, Classical.choice, Quot.sound]
'JSP400.Mahler.columnShear_column_zero' depends on axioms: [propext, Classical.choice, Quot.sound]
'JSP400.Mahler.columnShear_column_one' depends on axioms: [propext, Classical.choice, Quot.sound]
'JSP400.Mahler.columnShear_column_two' depends on axioms: [propext, Classical.choice, Quot.sound]
'JSP400.Mahler.columnShear_gramOne' depends on axioms: [propext, Classical.choice, Quot.sound]
'JSP400.Mahler.columnShear_mu21' depends on axioms: [propext, Classical.choice, Quot.sound]
'JSP400.Mahler.columnShear_gramTwo' depends on axioms: [propext, Classical.choice, Quot.sound]
'JSP400.Mahler.columnShear_mu31' depends on axioms: [propext, Classical.choice, Quot.sound]
'JSP400.Mahler.gram_two_column_one' depends on axioms: [propext, Classical.choice, Quot.sound]
'JSP400.Mahler.columnShear_mu32' depends on axioms: [propext, Classical.choice, Quot.sound]
'JSP400.Mahler.columnShear_gramThree' depends on axioms: [propext, Classical.choice, Quot.sound]
'JSP400.Mahler.exists_size_reduction' depends on axioms: [propext, Classical.choice, Quot.sound]
'JSP400.Mahler.cross3_energy' depends on axioms: [propext, Classical.choice, Quot.sound]
'JSP400.Mahler.cross3_smul_add_self' depends on axioms: [propext, Classical.choice, Quot.sound]
'JSP400.Mahler.inverse_last_row_cross' depends on axioms: [propext, Classical.choice, Quot.sound]
'JSP400.Mahler.inverse_middle_row_cross' depends on axioms: [propext, Classical.choice, Quot.sound]
'JSP400.Mahler.lastInverseRow_energy_gram' depends on axioms: [propext, Classical.choice, Quot.sound]
'JSP400.Mahler.inverse_middle_row_energy_gram' depends on axioms: [propext, Classical.choice, Quot.sound]
'JSP400.Mahler.half_bound_sq' depends on axioms: [propext, Classical.choice, Quot.sound]
'JSP400.Mahler.reduced_first_gram_inequality' depends on axioms: [propext, Classical.choice, Quot.sound]
'JSP400.Mahler.reduced_second_gram_inequality' depends on axioms: [propext, Classical.choice, Quot.sound]
'JSP400.Mahler.energy_column_two' depends on axioms: [propext, Classical.choice, Quot.sound]
'JSP400.Mahler.norm_sq_le_energy' depends on axioms: [propext, Classical.choice, Quot.sound]
'JSP400.Mahler.matrix_norm_bound_of_reduced' depends on axioms: [propext, Classical.choice, Quot.sound]
'JSP400.Mahler.bounded_reduced_representatives' depends on axioms: [propext, Classical.choice, Quot.sound]
'JSP400.arbitrarily_short_vectors' depends on axioms: [propext, Classical.choice, Quot.sound]
'JSP400.integer_small_values' depends on axioms: [propext, Classical.choice, Quot.sound]
'JSP400.positive_statement' depends on axioms: [propext, Classical.choice, Quot.sound]
'JSP400.erdos_496' depends on axioms: [propext, Classical.choice, Quot.sound]
'JSP400.erdos_496_large_denominator' depends on axioms: [propext, Classical.choice, Quot.sound]
